C51 COMPILER V9.60.7.0   BEEP_TIMER1                                                       11/20/2023 19:24:42 PAGE 1   


C51 COMPILER V9.60.7.0, COMPILATION OF MODULE BEEP_TIMER1
OBJECT MODULE PLACED IN beep_timer1.OBJ
COMPILER INVOKED BY: E:\keil\C51\BIN\C51.EXE beep_timer1.c OPTIMIZE(8,SPEED) BROWSE DEBUG OBJECTEXTEND TABS(2)

line level    source

   1          /*******************************************************************************
   2          *  标题:                  试验定时中断1使 蜂铃器发声(C语言)                    *
   3          *                                        *
   4          *  连接方法：参照接线图                                                 *
   5          ********************************************************************************
   6          *                                                            *
   7          * 请学员认真消化本例程，熟练定时中断1的编程                                    *
   8          ********************************************************************************/ 
   9          
  10          #include < reg51.h >
  11          #include <intrins.h>
  12          int mmm = 0;
  13          int flag=0;
  14          sbit Beep = P1^5; 
  15          unsigned int USE_C ; 
  16          
  17          void Delay1ms(int m)    //@11.0592MHz
  18          {
  19   1        for(;m<0;m--)
  20   1        {
  21   2        unsigned char i, j;
  22   2      
  23   2        _nop_();
  24   2        _nop_();
  25   2        _nop_();
  26   2        i = 11;
  27   2        j = 190;
  28   2        do
  29   2        {
  30   3          while (--j);
  31   3        } while (--i);
  32   2      }
  33   1      }
  34          
  35          
  36            
  37          /*********************************************************
  38            主函数
  39          **********************************************************/
  40          void  main()
  41          {
  42   1          TMOD=0x11;   //定时/计数器1工作于方式1
  43   1          TH0=(65536-10000)/256;
  44   1          TL0=(65536-10000)%256;
  45   1          TH1=(65536-921)/256;   //定时器初始值
  46   1          TL1=(65536-921)%256;    //50ms定时常数
  47   1          EA=1;        //开总中断
  48   1          ET1=1;       //允许定时/计数器1 中断
  49   1          TR1=1;       //启动定时/计数器1 中断
  50   1          ET0=1;       //允许定时/计数器1 中断
  51   1          TR0=1;
  52   1          //Beep = ~Beep;
  53   1          while(1);
  54   1      } 
  55          
C51 COMPILER V9.60.7.0   BEEP_TIMER1                                                       11/20/2023 19:24:42 PAGE 2   

  56          
  57          /*********************************************************
  58            中断服务函数
  59          **********************************************************/
  60          void Time1(void) interrupt 3  //using 0
  61          {
  62   1         if(!mmm){
  63   2         Beep = ~Beep;
  64   2         TH1=(65536-921)/256;
  65   2         TL1=(65536-921)%256;
  66   2      }
  67   1         }
  68          /*********************************************************/
  69          void delay(void) interrupt 1
  70          {
  71   1         flag++;
  72   1         if(flag==100)
  73   1           mmm = 1;
  74   1      TH0=(65536-10000)/256;
  75   1          TL0=(65536-10000)%256;
  76   1      }
  77          


MODULE INFORMATION:   STATIC OVERLAYABLE
   CODE SIZE        =    107    ----
   CONSTANT SIZE    =   ----    ----
   XDATA SIZE       =   ----    ----
   PDATA SIZE       =   ----    ----
   DATA SIZE        =      6       2
   IDATA SIZE       =   ----    ----
   BIT SIZE         =   ----    ----
END OF MODULE INFORMATION.


C51 COMPILATION COMPLETE.  0 WARNING(S),  0 ERROR(S)
