C51 COMPILER V9.54   MAIN                                                                  11/07/2023 16:23:53 PAGE 1   


C51 COMPILER V9.54, COMPILATION OF MODULE MAIN
OBJECT MODULE PLACED IN .\Objects\main.obj
COMPILER INVOKED BY: C:\Keil_v5\C51\BIN\C51.EXE main.c OPTIMIZE(8,SPEED) BROWSE DEBUG OBJECTEXTEND PRINT(.\Listings\main
                    -.lst) TABS(2) OBJECT(.\Objects\main.obj)

line level    source

   1          #include <REGX52.H>
   2          #include "LCD1602.h"
   3          #include "DS1302.h"
   4          #include "Key.h"
   5          #include "Timer0.h"
   6          #include "Delay.h"
   7          
   8          unsigned char KeyNum,MODE,TimeSetSelect,TimeSetFlashFlag;
   9          
  10          void timer(char a,char b,char c){
  11   1        char i;
  12   1          if(DS1302_Time[3]==10&&DS1302_Time[4]==15&&DS1302_Time[5]==30){
  13   2            for(i=0;i<5;i++){
  14   3            P2 = 0xff;
  15   3            Delay(500);
  16   3            P2 = 0x00;
  17   3            Delay(500);
  18   3            P2 = 0xff;
  19   3            }
  20   2          }
  21   1      }
*** WARNING C280 IN LINE 10 OF main.c: 'a': unreferenced local variable
*** WARNING C280 IN LINE 10 OF main.c: 'b': unreferenced local variable
*** WARNING C280 IN LINE 10 OF main.c: 'c': unreferenced local variable
  22          
  23          void TimeShow(void)//时间显示功能
  24          {
  25   1        DS1302_ReadTime();//读取时间
  26   1        timer(DS1302_Time[3],DS1302_Time[4],DS1302_Time[5]);
  27   1        LCD_ShowNum(1,1,DS1302_Time[0],2);//显示年
  28   1        LCD_ShowNum(1,4,DS1302_Time[1],2);//显示月
  29   1        LCD_ShowNum(1,7,DS1302_Time[2],2);//显示日
  30   1        LCD_ShowNum(2,1,DS1302_Time[3],2);//显示时
  31   1        LCD_ShowNum(2,4,DS1302_Time[4],2);//显示分
  32   1        LCD_ShowNum(2,7,DS1302_Time[5],2);//显示秒
  33   1      }
  34          
  35          void TimeSet(void)//时间设置功能
  36          {
  37   1        if(KeyNum==2)//按键2按下
  38   1        {
  39   2          TimeSetSelect++;//设置选择位加1
  40   2          TimeSetSelect%=6;//越界清零
  41   2        }
  42   1        if(KeyNum==3)//按键3按下
  43   1        {
  44   2          DS1302_Time[TimeSetSelect]++;//时间设置位数值加1
  45   2          if(DS1302_Time[0]>99){DS1302_Time[0]=0;}//年越界判断
  46   2          if(DS1302_Time[1]>12){DS1302_Time[1]=1;}//月越界判断
  47   2          if( DS1302_Time[1]==1 || DS1302_Time[1]==3 || DS1302_Time[1]==5 || DS1302_Time[1]==7 || 
  48   2            DS1302_Time[1]==8 || DS1302_Time[1]==10 || DS1302_Time[1]==12)//日越界判断
  49   2          {
  50   3            if(DS1302_Time[2]>31){DS1302_Time[2]=1;}//大月
  51   3          }
C51 COMPILER V9.54   MAIN                                                                  11/07/2023 16:23:53 PAGE 2   

  52   2          else if(DS1302_Time[1]==4 || DS1302_Time[1]==6 || DS1302_Time[1]==9 || DS1302_Time[1]==11)
  53   2          {
  54   3            if(DS1302_Time[2]>30){DS1302_Time[2]=1;}//小月
  55   3          }
  56   2          else if(DS1302_Time[1]==2)
  57   2          {
  58   3            if(DS1302_Time[0]%4==0)
  59   3            {
  60   4              if(DS1302_Time[2]>29){DS1302_Time[2]=1;}//闰年2月
  61   4            }
  62   3            else
  63   3            {
  64   4              if(DS1302_Time[2]>28){DS1302_Time[2]=1;}//平年2月
  65   4            }
  66   3          }
  67   2          if(DS1302_Time[3]>23){DS1302_Time[3]=0;}//时越界判断
  68   2          if(DS1302_Time[4]>59){DS1302_Time[4]=0;}//分越界判断
  69   2          if(DS1302_Time[5]>59){DS1302_Time[5]=0;}//秒越界判断
  70   2        }
  71   1        if(KeyNum==4)//按键3按下
  72   1        {
  73   2          DS1302_Time[TimeSetSelect]--;//时间设置位数值减1
  74   2          if(DS1302_Time[0]<0){DS1302_Time[0]=99;}//年越界判断
  75   2          if(DS1302_Time[1]<1){DS1302_Time[1]=12;}//月越界判断
  76   2          if( DS1302_Time[1]==1 || DS1302_Time[1]==3 || DS1302_Time[1]==5 || DS1302_Time[1]==7 || 
  77   2            DS1302_Time[1]==8 || DS1302_Time[1]==10 || DS1302_Time[1]==12)//日越界判断
  78   2          {
  79   3            if(DS1302_Time[2]<1){DS1302_Time[2]=31;}//大月
  80   3            if(DS1302_Time[2]>31){DS1302_Time[2]=1;}
  81   3          }
  82   2          else if(DS1302_Time[1]==4 || DS1302_Time[1]==6 || DS1302_Time[1]==9 || DS1302_Time[1]==11)
  83   2          {
  84   3            if(DS1302_Time[2]<1){DS1302_Time[2]=30;}//小月
  85   3            if(DS1302_Time[2]>30){DS1302_Time[2]=1;}
  86   3          }
  87   2          else if(DS1302_Time[1]==2)
  88   2          {
  89   3            if(DS1302_Time[0]%4==0)
  90   3            {
  91   4              if(DS1302_Time[2]<1){DS1302_Time[2]=29;}//闰年2月
  92   4              if(DS1302_Time[2]>29){DS1302_Time[2]=1;}
  93   4            }
  94   3            else
  95   3            {
  96   4              if(DS1302_Time[2]<1){DS1302_Time[2]=28;}//平年2月
  97   4              if(DS1302_Time[2]>28){DS1302_Time[2]=1;}
  98   4            }
  99   3          }
 100   2          if(DS1302_Time[3]<0){DS1302_Time[3]=23;}//时越界判断
 101   2          if(DS1302_Time[4]<0){DS1302_Time[4]=59;}//分越界判断
 102   2          if(DS1302_Time[5]<0){DS1302_Time[5]=59;}//秒越界判断
 103   2        }
 104   1        //更新显示，根据TimeSetSelect和TimeSetFlashFlag判断可完成闪烁功能
 105   1        if(TimeSetSelect==0 && TimeSetFlashFlag==1){LCD_ShowString(1,1,"  ");}
 106   1        else {LCD_ShowNum(1,1,DS1302_Time[0],2);}
 107   1        if(TimeSetSelect==1 && TimeSetFlashFlag==1){LCD_ShowString(1,4,"  ");}
 108   1        else {LCD_ShowNum(1,4,DS1302_Time[1],2);}
 109   1        if(TimeSetSelect==2 && TimeSetFlashFlag==1){LCD_ShowString(1,7,"  ");}
 110   1        else {LCD_ShowNum(1,7,DS1302_Time[2],2);}
 111   1        if(TimeSetSelect==3 && TimeSetFlashFlag==1){LCD_ShowString(2,1,"  ");}
 112   1        else {LCD_ShowNum(2,1,DS1302_Time[3],2);}
 113   1        if(TimeSetSelect==4 && TimeSetFlashFlag==1){LCD_ShowString(2,4,"  ");}
C51 COMPILER V9.54   MAIN                                                                  11/07/2023 16:23:53 PAGE 3   

 114   1        else {LCD_ShowNum(2,4,DS1302_Time[4],2);}
 115   1        if(TimeSetSelect==5 && TimeSetFlashFlag==1){LCD_ShowString(2,7,"  ");}
 116   1        else {LCD_ShowNum(2,7,DS1302_Time[5],2);}
 117   1      }
 118          
 119          
 120          
 121          void main()
 122          {
 123   1        LCD_Init();
 124   1        DS1302_Init();
 125   1        Timer0Init();
 126   1        LCD_ShowString(1,1,"  -  -  ");//静态字符初始化显示
 127   1        LCD_ShowString(2,1,"  :  :  ");
 128   1        
 129   1        DS1302_SetTime();//设置时间
 130   1        
 131   1        while(1)
 132   1        {
 133   2          KeyNum=Key();//读取键码
 134   2          if(KeyNum==1)//按键1按下
 135   2          {
 136   3            if(MODE==0){MODE=1;TimeSetSelect=0;}//功能切换
 137   3            else if(MODE==1){MODE=0;DS1302_SetTime();}
 138   3          }
 139   2          switch(MODE)//根据不同的功能执行不同的函数
 140   2          {
 141   3            case 0:TimeShow();break;
 142   3            case 1:TimeSet();break;
 143   3          }
 144   2          //timer();
 145   2        }
 146   1      }
 147          
 148          void Timer0_Routine() interrupt 1
 149          {
 150   1        static unsigned int T0Count;
 151   1        TL0 = 0x18;   //设置定时初值
 152   1        TH0 = 0xFC;   //设置定时初值
 153   1        T0Count++;
 154   1        if(T0Count>=500)//每500ms进入一次
 155   1        {
 156   2          T0Count=0;
 157   2          TimeSetFlashFlag=!TimeSetFlashFlag;//闪烁标志位取反
 158   2        }
 159   1      }


MODULE INFORMATION:   STATIC OVERLAYABLE
   CODE SIZE        =   1038    ----
   CONSTANT SIZE    =     21    ----
   XDATA SIZE       =   ----    ----
   PDATA SIZE       =   ----    ----
   DATA SIZE        =      6       4
   IDATA SIZE       =   ----    ----
   BIT SIZE         =   ----    ----
END OF MODULE INFORMATION.


C51 COMPILATION COMPLETE.  3 WARNING(S),  0 ERROR(S)
